// Jest Snapshot v1, https://goo.gl/fbAQLP

exports[`<SearchForm /> component if the Component matches snapshot 1`] = `
<DocumentFragment>
  <form
    class="sc-bczRLJ cYufwz"
  >
    <div
      class="sc-gsnTZi"
    >
      <label
        class="sc-dkzDqf jMnMkt"
        for="search-input"
      >
        Enter an ingredient
      </label>
      <input
        class="sc-hKMtZM jwztwx"
        id="search-input"
        name="search-input"
        placeholder="Enter an ingredient"
        required=""
        type="search"
        value=""
      />
    </div>
    <button
      class="sc-eCYdqJ dKmmch"
      title="Search for meals"
      type="submit"
      value=""
    >
      Search
    </button>
  </form>
</DocumentFragment>
`;
