// Jest Snapshot v1, https://goo.gl/fbAQLP

exports[`<SearchForm /> component if the Component matches snapshot 1`] = `
<form
  className="sc-bczRLJ cYufwz"
  onSubmit={[Function]}
>
  <div
    className="sc-gsnTZi"
  >
    <label
      className="sc-dkzDqf jMnMkt"
      htmlFor="search-input"
    >
      Enter an ingredient
    </label>
    <input
      className="sc-hKMtZM jwztwx"
      id="search-input"
      name="search-input"
      onChange={[Function]}
      placeholder="Enter an ingredient"
      required={true}
      type="search"
      value=""
    />
  </div>
  <button
    className="sc-eCYdqJ dKmmch"
    title="Search for meals"
    type="submit"
    value=""
  >
    Search
  </button>
</form>
`;
