// Jest Snapshot v1, https://goo.gl/fbAQLP

exports[`<RecipeSummary /> component if the Component matches snapshot 1`] = `
<DocumentFragment>
  <section
    class="sc-eCYdqJ hSdRLg"
  >
    <h2
      class="sc-jSMfEi eAYKRK"
      data-testid="Test label"
    >
      Test label
    </h2>
    <img
      alt="Test label"
      class="sc-gKXOVf jQmnMb"
      src="wwww.imagesource.com/image-1"
    />
    <p
      class="sc-bczRLJ hHaKtq"
      data-testid="recipe-line"
    >
      <span
        class="sc-gsnTZi iqEmM"
      >
        Meal type:
      </span>
       Exotic meal
    </p>
    <ul
      class="sc-dkzDqf gyuaL"
      data-testid="recipe-list"
    >
      <span
        class="sc-hKMtZM YTvug"
      >
        Ingredients:
      </span>
       
      <li>
        Ingredient 1, Ingredient 2
      </li>
    </ul>
    <p
      class="sc-bczRLJ hHaKtq"
      data-testid="recipe-line"
    >
      <span
        class="sc-gsnTZi iqEmM"
      >
        Total time:
      </span>
       20min
    </p>
  </section>
</DocumentFragment>
`;
