// Jest Snapshot v1, https://goo.gl/fbAQLP

exports[`<RecipeSummary /> component if the Component matches snapshot 1`] = `
<section
  className="sc-eCYdqJ hSdRLg"
  data-testid="summary-id"
>
  <h2
    className="sc-jSMfEi eAYKRK"
  >
    Title not available
  </h2>
  <img
    alt="Image description not available"
    className="sc-gKXOVf jQmnMb"
    src="Photo not available"
  />
  <p
    className="sc-bczRLJ hHaKtq"
    data-testid="recipe-line"
  >
    <span
      className="sc-gsnTZi iqEmM"
    >
      Meal type
      :
    </span>
     
    No info
  </p>
  <p
    className="sc-bczRLJ hHaKtq"
    data-testid="recipe-line"
  >
    <span
      className="sc-gsnTZi iqEmM"
    >
      Meal type
      :
    </span>
     
    No info
  </p>
  <ul
    className="sc-dkzDqf gyuaL"
  >
    <span
      className="sc-hKMtZM YTvug"
    >
      Ingredients
      :
    </span>
     
    No info
  </ul>
  <p
    className="sc-bczRLJ hHaKtq"
    data-testid="recipe-line"
  >
    <span
      className="sc-gsnTZi iqEmM"
    >
      Total time
      :
    </span>
     
    No info
  </p>
</section>
`;
