// Jest Snapshot v1, https://goo.gl/fbAQLP

exports[`<RecipeList /> component if the <RecipeList /> matches the snapshot 1`] = `
<DocumentFragment>
  <ul
    class="sc-bczRLJ hHaKtq"
    data-testid="recipe-list"
  >
    <span
      class="sc-gsnTZi iqEmM"
    >
      Test label:
    </span>
     Test detail
  </ul>
</DocumentFragment>
`;
